2026-04-10 20:22:31,555 [INFO] Log: /cis/home/rwang183/my_documents/BDD/SpineDetect-shengwen-branch/SpineDetect/tpm_simulator/pipelines/cloud/logs/chunk/chunk_20260410_202231.log
2026-04-10 20:22:31,556 [INFO] Downsample: /cis/home/rwang183/my_documents/BDD/SpineDetect-shengwen-branch/SpineDetect/tpm_simulator/data/downsample (1 folders)
2026-04-10 20:22:31,556 [INFO] EM: /cis/home/rwang183/my_documents/BDD/SpineDetect-shengwen-branch/SpineDetect/tpm_simulator/data/train/em (1 folders)
2026-04-10 20:22:31,556 [INFO] --- [Downsample 1/1] microns_864691135645549807 ---
2026-04-10 20:22:31,559 [INFO] Processing: microns_864691135645549807
2026-04-10 20:22:31,559 [INFO] Loading neurons from neurons_864691135645549807.tiff...
2026-04-10 20:22:32,143 [INFO] Loading vessels from vessels_864691135645549807.tiff...
2026-04-10 20:22:40,006 [INFO] Neurons: 512×512×256 | Vessels: 1536×1536×384
2026-04-10 20:22:40,007 [DEBUG] Center alignment: neuron_center=(256, 256, 128), vessel_center=(768, 768, 192), offset=(512,512,64)
2026-04-10 20:22:40,010 [INFO] Chunk grid: 4×4×1 = 16 chunks | vcpx: 1003×1003×287
2026-04-10 20:22:45,013 [DEBUG] Chunk 1 (ci=0,cj=0,ck=0): neuron_center=(64,64,128) -> vessel_center=(576,576,192) | vessel_extract x[75:1078] y[75:1078] z[49:336] | padding=(False,False,False)
2026-04-10 20:22:55,407 [DEBUG] Chunk 2 (ci=1,cj=0,ck=0): neuron_center=(192,64,128) -> vessel_center=(704,576,192) | vessel_extract x[203:1206] y[75:1078] z[49:336] | padding=(False,False,False)
2026-04-10 20:23:05,780 [DEBUG] Chunk 3 (ci=2,cj=0,ck=0): neuron_center=(320,64,128) -> vessel_center=(832,576,192) | vessel_extract x[331:1334] y[75:1078] z[49:336] | padding=(False,False,False)
2026-04-10 20:23:16,164 [DEBUG] Chunk 4 (ci=3,cj=0,ck=0): neuron_center=(448,64,128) -> vessel_center=(960,576,192) | vessel_extract x[459:1462] y[75:1078] z[49:336] | padding=(False,False,False)
2026-04-10 20:23:27,329 [DEBUG] Chunk 5 (ci=0,cj=1,ck=0): neuron_center=(64,192,128) -> vessel_center=(576,704,192) | vessel_extract x[75:1078] y[203:1206] z[49:336] | padding=(False,False,False)
2026-04-10 20:23:37,656 [DEBUG] Chunk 6 (ci=1,cj=1,ck=0): neuron_center=(192,192,128) -> vessel_center=(704,704,192) | vessel_extract x[203:1206] y[203:1206] z[49:336] | padding=(False,False,False)
2026-04-10 20:23:48,009 [DEBUG] Chunk 7 (ci=2,cj=1,ck=0): neuron_center=(320,192,128) -> vessel_center=(832,704,192) | vessel_extract x[331:1334] y[203:1206] z[49:336] | padding=(False,False,False)
2026-04-10 20:23:58,291 [DEBUG] Chunk 8 (ci=3,cj=1,ck=0): neuron_center=(448,192,128) -> vessel_center=(960,704,192) | vessel_extract x[459:1462] y[203:1206] z[49:336] | padding=(False,False,False)
2026-04-10 20:24:08,620 [DEBUG] Chunk 9 (ci=0,cj=2,ck=0): neuron_center=(64,320,128) -> vessel_center=(576,832,192) | vessel_extract x[75:1078] y[331:1334] z[49:336] | padding=(False,False,False)
2026-04-10 20:24:18,937 [DEBUG] Chunk 10 (ci=1,cj=2,ck=0): neuron_center=(192,320,128) -> vessel_center=(704,832,192) | vessel_extract x[203:1206] y[331:1334] z[49:336] | padding=(False,False,False)
2026-04-10 20:24:29,339 [DEBUG] Chunk 11 (ci=2,cj=2,ck=0): neuron_center=(320,320,128) -> vessel_center=(832,832,192) | vessel_extract x[331:1334] y[331:1334] z[49:336] | padding=(False,False,False)
2026-04-10 20:24:39,730 [DEBUG] Chunk 12 (ci=3,cj=2,ck=0): neuron_center=(448,320,128) -> vessel_center=(960,832,192) | vessel_extract x[459:1462] y[331:1334] z[49:336] | padding=(False,False,False)
2026-04-10 20:24:53,504 [DEBUG] Chunk 13 (ci=0,cj=3,ck=0): neuron_center=(64,448,128) -> vessel_center=(576,960,192) | vessel_extract x[75:1078] y[459:1462] z[49:336] | padding=(False,False,False)
2026-04-10 20:25:04,094 [DEBUG] Chunk 14 (ci=1,cj=3,ck=0): neuron_center=(192,448,128) -> vessel_center=(704,960,192) | vessel_extract x[203:1206] y[459:1462] z[49:336] | padding=(False,False,False)
2026-04-10 20:25:14,457 [DEBUG] Chunk 15 (ci=2,cj=3,ck=0): neuron_center=(320,448,128) -> vessel_center=(832,960,192) | vessel_extract x[331:1334] y[459:1462] z[49:336] | padding=(False,False,False)
2026-04-10 20:25:24,913 [DEBUG] Chunk 16 (ci=3,cj=3,ck=0): neuron_center=(448,448,128) -> vessel_center=(960,960,192) | vessel_extract x[459:1462] y[459:1462] z[49:336] | padding=(False,False,False)
2026-04-10 20:25:30,313 [INFO] Done: microns_864691135645549807 -> 16 chunks
2026-04-10 20:25:30,319 [INFO] --- [EM 1/1] microns_864691135645549807 ---
2026-04-10 20:25:30,322 [INFO] Processing EM: microns_864691135645549807
2026-04-10 20:25:30,906 [INFO] EM cropped Z: 256 -> 192
2026-04-10 20:25:30,907 [INFO] EM chunk grid: 4×4×1 = 16 chunks (128×128×192)
2026-04-10 20:25:33,072 [INFO] Done EM: microns_864691135645549807 -> 16 chunks, removed original folder
2026-04-10 20:25:33,073 [INFO] Finished: downsample 1/1, em 1/1
