2026-04-11 17:55:03,799 [INFO] Log: /cis/home/rwang183/my_documents/BDD/SpineDetect-shengwen-branch/SpineDetect/tpm_simulator/pipelines/cloud/logs/chunk/chunk_20260411_175503.log
2026-04-11 17:55:03,800 [INFO] Downsample: /cis/home/rwang183/my_documents/BDD/SpineDetect-shengwen-branch/SpineDetect/tpm_simulator/data/downsample (1 folders)
2026-04-11 17:55:03,800 [INFO] EM: /cis/home/rwang183/my_documents/BDD/SpineDetect-shengwen-branch/SpineDetect/tpm_simulator/data/train/em (1 folders)
2026-04-11 17:55:03,800 [INFO] --- [Downsample 1/1] microns_864691134856455713 ---
2026-04-11 17:55:03,805 [INFO] Processing: microns_864691134856455713
2026-04-11 17:55:03,805 [INFO] Loading neurons from neurons_864691134856455713.tiff...
2026-04-11 17:55:04,397 [INFO] Loading masks from masks_864691134856455713.tiff...
2026-04-11 17:55:06,150 [INFO] Loading vessels from vessels_864691134856455713.tiff...
2026-04-11 17:55:20,369 [INFO] Neurons: 512×512×256 | Vessels: 1536×1536×384
2026-04-11 17:55:20,371 [DEBUG] Center alignment: neuron_center=(256, 256, 128), vessel_center=(768, 768, 192), offset=(512,512,64)
2026-04-11 17:55:20,374 [INFO] Chunk grid: 4×4×1 = 16 chunks | vcpx: 1003×1003×287
2026-04-11 17:55:25,524 [DEBUG] Chunk 1 (ci=0,cj=0,ck=0): neuron_center=(64,64,128) -> vessel_center=(576,576,192) | vessel_extract x[75:1078] y[75:1078] z[49:336] | padding=(False,False,False)
2026-04-11 17:55:36,488 [DEBUG] Chunk 2 (ci=1,cj=0,ck=0): neuron_center=(192,64,128) -> vessel_center=(704,576,192) | vessel_extract x[203:1206] y[75:1078] z[49:336] | padding=(False,False,False)
2026-04-11 17:55:47,891 [DEBUG] Chunk 3 (ci=2,cj=0,ck=0): neuron_center=(320,64,128) -> vessel_center=(832,576,192) | vessel_extract x[331:1334] y[75:1078] z[49:336] | padding=(False,False,False)
2026-04-11 17:55:58,629 [DEBUG] Chunk 4 (ci=3,cj=0,ck=0): neuron_center=(448,64,128) -> vessel_center=(960,576,192) | vessel_extract x[459:1462] y[75:1078] z[49:336] | padding=(False,False,False)
2026-04-11 17:56:09,971 [DEBUG] Chunk 5 (ci=0,cj=1,ck=0): neuron_center=(64,192,128) -> vessel_center=(576,704,192) | vessel_extract x[75:1078] y[203:1206] z[49:336] | padding=(False,False,False)
2026-04-11 17:56:20,712 [DEBUG] Chunk 6 (ci=1,cj=1,ck=0): neuron_center=(192,192,128) -> vessel_center=(704,704,192) | vessel_extract x[203:1206] y[203:1206] z[49:336] | padding=(False,False,False)
2026-04-11 17:56:31,912 [DEBUG] Chunk 7 (ci=2,cj=1,ck=0): neuron_center=(320,192,128) -> vessel_center=(832,704,192) | vessel_extract x[331:1334] y[203:1206] z[49:336] | padding=(False,False,False)
2026-04-11 17:56:42,650 [DEBUG] Chunk 8 (ci=3,cj=1,ck=0): neuron_center=(448,192,128) -> vessel_center=(960,704,192) | vessel_extract x[459:1462] y[203:1206] z[49:336] | padding=(False,False,False)
2026-04-11 17:56:53,424 [DEBUG] Chunk 9 (ci=0,cj=2,ck=0): neuron_center=(64,320,128) -> vessel_center=(576,832,192) | vessel_extract x[75:1078] y[331:1334] z[49:336] | padding=(False,False,False)
2026-04-11 17:57:04,164 [DEBUG] Chunk 10 (ci=1,cj=2,ck=0): neuron_center=(192,320,128) -> vessel_center=(704,832,192) | vessel_extract x[203:1206] y[331:1334] z[49:336] | padding=(False,False,False)
2026-04-11 17:57:14,912 [DEBUG] Chunk 11 (ci=2,cj=2,ck=0): neuron_center=(320,320,128) -> vessel_center=(832,832,192) | vessel_extract x[331:1334] y[331:1334] z[49:336] | padding=(False,False,False)
2026-04-11 17:57:25,737 [DEBUG] Chunk 12 (ci=3,cj=2,ck=0): neuron_center=(448,320,128) -> vessel_center=(960,832,192) | vessel_extract x[459:1462] y[331:1334] z[49:336] | padding=(False,False,False)
2026-04-11 17:57:36,620 [DEBUG] Chunk 13 (ci=0,cj=3,ck=0): neuron_center=(64,448,128) -> vessel_center=(576,960,192) | vessel_extract x[75:1078] y[459:1462] z[49:336] | padding=(False,False,False)
2026-04-11 17:57:47,404 [DEBUG] Chunk 14 (ci=1,cj=3,ck=0): neuron_center=(192,448,128) -> vessel_center=(704,960,192) | vessel_extract x[203:1206] y[459:1462] z[49:336] | padding=(False,False,False)
2026-04-11 17:57:58,328 [DEBUG] Chunk 15 (ci=2,cj=3,ck=0): neuron_center=(320,448,128) -> vessel_center=(832,960,192) | vessel_extract x[331:1334] y[459:1462] z[49:336] | padding=(False,False,False)
2026-04-11 17:58:09,083 [DEBUG] Chunk 16 (ci=3,cj=3,ck=0): neuron_center=(448,448,128) -> vessel_center=(960,960,192) | vessel_extract x[459:1462] y[459:1462] z[49:336] | padding=(False,False,False)
2026-04-11 17:58:14,752 [INFO] Done: microns_864691134856455713 -> 16 chunks
2026-04-11 17:58:14,759 [INFO] --- [EM 1/1] microns_864691134856455713 ---
2026-04-11 17:58:14,762 [INFO] Processing EM: microns_864691134856455713
2026-04-11 17:58:15,410 [INFO] EM cropped Z: 256 -> 192
2026-04-11 17:58:15,411 [INFO] EM chunk grid: 4×4×1 = 16 chunks (128×128×192)
2026-04-11 17:58:17,086 [INFO] Done EM: microns_864691134856455713 -> 16 chunks, removed original folder
2026-04-11 17:58:17,087 [INFO] Finished: downsample 1/1, em 1/1
