2026-04-10 01:36:57,341 [INFO] Log: /cis/home/rwang183/my_documents/BDD/SpineDetect-shengwen-branch/SpineDetect/tpm_simulator/pipelines/cloud/logs/chunk/chunk_20260410_013657.log
2026-04-10 01:36:57,341 [INFO] Downsample: /cis/home/rwang183/my_documents/BDD/SpineDetect-shengwen-branch/SpineDetect/tpm_simulator/data/downsample (1 folders)
2026-04-10 01:36:57,342 [INFO] EM: /cis/home/rwang183/my_documents/BDD/SpineDetect-shengwen-branch/SpineDetect/tpm_simulator/data/train/em (1 folders)
2026-04-10 01:36:57,350 [INFO] --- [Downsample 1/1] microns_864691136051108595 ---
2026-04-10 01:36:57,383 [INFO] Processing: microns_864691136051108595
2026-04-10 01:36:57,383 [INFO] Loading neurons from neurons_864691136051108595.tiff...
2026-04-10 01:36:58,019 [INFO] Loading vessels from vessels_864691136051108595.tiff...
2026-04-10 01:37:05,854 [INFO] Neurons: 512×512×256 | Vessels: 1536×1536×384
2026-04-10 01:37:05,854 [DEBUG] Center alignment: neuron_center=(256, 256, 128), vessel_center=(768, 768, 192), offset=(512,512,64)
2026-04-10 01:37:05,857 [INFO] Chunk grid: 4×4×1 = 16 chunks | vcpx: 1003×1003×287
2026-04-10 01:37:11,323 [DEBUG] Chunk 1 (ci=0,cj=0,ck=0): neuron_center=(64,64,128) -> vessel_center=(576,576,192) | vessel_extract x[75:1078] y[75:1078] z[49:336] | padding=(False,False,False)
2026-04-10 01:37:25,886 [DEBUG] Chunk 2 (ci=1,cj=0,ck=0): neuron_center=(192,64,128) -> vessel_center=(704,576,192) | vessel_extract x[203:1206] y[75:1078] z[49:336] | padding=(False,False,False)
2026-04-10 01:37:40,585 [DEBUG] Chunk 3 (ci=2,cj=0,ck=0): neuron_center=(320,64,128) -> vessel_center=(832,576,192) | vessel_extract x[331:1334] y[75:1078] z[49:336] | padding=(False,False,False)
2026-04-10 01:37:55,105 [DEBUG] Chunk 4 (ci=3,cj=0,ck=0): neuron_center=(448,64,128) -> vessel_center=(960,576,192) | vessel_extract x[459:1462] y[75:1078] z[49:336] | padding=(False,False,False)
2026-04-10 01:38:08,484 [DEBUG] Chunk 5 (ci=0,cj=1,ck=0): neuron_center=(64,192,128) -> vessel_center=(576,704,192) | vessel_extract x[75:1078] y[203:1206] z[49:336] | padding=(False,False,False)
2026-04-10 01:38:20,340 [DEBUG] Chunk 6 (ci=1,cj=1,ck=0): neuron_center=(192,192,128) -> vessel_center=(704,704,192) | vessel_extract x[203:1206] y[203:1206] z[49:336] | padding=(False,False,False)
2026-04-10 01:38:33,369 [DEBUG] Chunk 7 (ci=2,cj=1,ck=0): neuron_center=(320,192,128) -> vessel_center=(832,704,192) | vessel_extract x[331:1334] y[203:1206] z[49:336] | padding=(False,False,False)
2026-04-10 01:38:43,882 [DEBUG] Chunk 8 (ci=3,cj=1,ck=0): neuron_center=(448,192,128) -> vessel_center=(960,704,192) | vessel_extract x[459:1462] y[203:1206] z[49:336] | padding=(False,False,False)
2026-04-10 01:38:57,034 [DEBUG] Chunk 9 (ci=0,cj=2,ck=0): neuron_center=(64,320,128) -> vessel_center=(576,832,192) | vessel_extract x[75:1078] y[331:1334] z[49:336] | padding=(False,False,False)
2026-04-10 01:39:11,675 [DEBUG] Chunk 10 (ci=1,cj=2,ck=0): neuron_center=(192,320,128) -> vessel_center=(704,832,192) | vessel_extract x[203:1206] y[331:1334] z[49:336] | padding=(False,False,False)
2026-04-10 01:39:22,225 [DEBUG] Chunk 11 (ci=2,cj=2,ck=0): neuron_center=(320,320,128) -> vessel_center=(832,832,192) | vessel_extract x[331:1334] y[331:1334] z[49:336] | padding=(False,False,False)
2026-04-10 01:39:32,718 [DEBUG] Chunk 12 (ci=3,cj=2,ck=0): neuron_center=(448,320,128) -> vessel_center=(960,832,192) | vessel_extract x[459:1462] y[331:1334] z[49:336] | padding=(False,False,False)
2026-04-10 01:39:46,869 [DEBUG] Chunk 13 (ci=0,cj=3,ck=0): neuron_center=(64,448,128) -> vessel_center=(576,960,192) | vessel_extract x[75:1078] y[459:1462] z[49:336] | padding=(False,False,False)
2026-04-10 01:40:00,843 [DEBUG] Chunk 14 (ci=1,cj=3,ck=0): neuron_center=(192,448,128) -> vessel_center=(704,960,192) | vessel_extract x[203:1206] y[459:1462] z[49:336] | padding=(False,False,False)
2026-04-10 01:40:11,316 [DEBUG] Chunk 15 (ci=2,cj=3,ck=0): neuron_center=(320,448,128) -> vessel_center=(832,960,192) | vessel_extract x[331:1334] y[459:1462] z[49:336] | padding=(False,False,False)
2026-04-10 01:40:25,756 [DEBUG] Chunk 16 (ci=3,cj=3,ck=0): neuron_center=(448,448,128) -> vessel_center=(960,960,192) | vessel_extract x[459:1462] y[459:1462] z[49:336] | padding=(False,False,False)
2026-04-10 01:40:33,980 [INFO] Done: microns_864691136051108595 -> 16 chunks
2026-04-10 01:40:34,007 [INFO] --- [EM 1/1] microns_864691136051108595 ---
2026-04-10 01:40:34,010 [INFO] Processing EM: microns_864691136051108595
2026-04-10 01:40:34,778 [INFO] EM cropped Z: 256 -> 192
2026-04-10 01:40:34,779 [INFO] EM chunk grid: 4×4×1 = 16 chunks (128×128×192)
2026-04-10 01:40:37,774 [INFO] Done EM: microns_864691136051108595 -> 16 chunks, removed original folder
2026-04-10 01:40:37,775 [INFO] Finished: downsample 1/1, em 1/1
