[02:30:37] Resume: 16 chunks remaining
[02:30:37] Degrade started, run dir: /cis/home/rwang183/my_documents/BDD/SpineDetect-shengwen-branch/SpineDetect/tpm_simulator/pipelines/cloud/logs/degrade/20260412_023037
[02:30:37] Chunk dir: /cis/home/rwang183/my_documents/BDD/SpineDetect-shengwen-branch/SpineDetect/tpm_simulator/data/chunk, output: /cis/home/rwang183/my_documents/BDD/SpineDetect-shengwen-branch/SpineDetect/tpm_simulator/data/degrade, folders: 16
[02:30:37] --- [1/16] microns_864691136573242786_0001 ---
[02:30:37] degrade_one_chunk.sh ENTERED arg1=/cis/home/rwang183/my_documents/BDD/SpineDetect-shengwen-branch/SpineDetect/tpm_simulator/data/chunk/microns_864691136573242786_0001 arg2=/cis/home/rwang183/my_documents/BDD/SpineDetect-shengwen-branch/SpineDetect/tpm_simulator/pipelines/cloud/logs/degrade/20260412_023037/degrade.log
[02:30:37] degrade_one_chunk: sourced config, chunk=microns_864691136573242786_0001
[02:30:38] degrade_one_chunk: MATLAB_CMD=matlab -batch matlab_path=/usr/local/bin/matlab
[02:30:38] degrade_one_chunk: about to run MATLAB
/cis/local/linux/MATLAB/R2015a/bin/glnxa64/need_softwareopengl: error while loading shared libraries: libncurses.so.5: cannot open shared object file: No such file or directory
MATLAB is selecting SOFTWARE OPENGL rendering.
/usr/local/bin/matlab: 1: eval: Syntax error: "(" unexpected
[02:30:38] FAIL: microns_864691136573242786_0001
[02:30:38] --- [2/16] microns_864691136573242786_0002 ---
[02:30:38] degrade_one_chunk.sh ENTERED arg1=/cis/home/rwang183/my_documents/BDD/SpineDetect-shengwen-branch/SpineDetect/tpm_simulator/data/chunk/microns_864691136573242786_0002 arg2=/cis/home/rwang183/my_documents/BDD/SpineDetect-shengwen-branch/SpineDetect/tpm_simulator/pipelines/cloud/logs/degrade/20260412_023037/degrade.log
[02:30:38] degrade_one_chunk: sourced config, chunk=microns_864691136573242786_0002
[02:30:38] degrade_one_chunk: MATLAB_CMD=matlab -batch matlab_path=/usr/local/bin/matlab
[02:30:38] degrade_one_chunk: about to run MATLAB
/cis/local/linux/MATLAB/R2015a/bin/glnxa64/need_softwareopengl: error while loading shared libraries: libncurses.so.5: cannot open shared object file: No such file or directory
MATLAB is selecting SOFTWARE OPENGL rendering.
/usr/local/bin/matlab: 1: eval: Syntax error: "(" unexpected
[02:30:38] FAIL: microns_864691136573242786_0002
[02:30:38] --- [3/16] microns_864691136573242786_0003 ---
[02:30:38] degrade_one_chunk.sh ENTERED arg1=/cis/home/rwang183/my_documents/BDD/SpineDetect-shengwen-branch/SpineDetect/tpm_simulator/data/chunk/microns_864691136573242786_0003 arg2=/cis/home/rwang183/my_documents/BDD/SpineDetect-shengwen-branch/SpineDetect/tpm_simulator/pipelines/cloud/logs/degrade/20260412_023037/degrade.log
[02:30:38] degrade_one_chunk: sourced config, chunk=microns_864691136573242786_0003
[02:30:38] degrade_one_chunk: MATLAB_CMD=matlab -batch matlab_path=/usr/local/bin/matlab
[02:30:38] degrade_one_chunk: about to run MATLAB
/cis/local/linux/MATLAB/R2015a/bin/glnxa64/need_softwareopengl: error while loading shared libraries: libncurses.so.5: cannot open shared object file: No such file or directory
MATLAB is selecting SOFTWARE OPENGL rendering.
/usr/local/bin/matlab: 1: eval: Syntax error: "(" unexpected
[02:30:38] FAIL: microns_864691136573242786_0003
[02:30:38] --- [4/16] microns_864691136573242786_0004 ---
[02:30:38] degrade_one_chunk.sh ENTERED arg1=/cis/home/rwang183/my_documents/BDD/SpineDetect-shengwen-branch/SpineDetect/tpm_simulator/data/chunk/microns_864691136573242786_0004 arg2=/cis/home/rwang183/my_documents/BDD/SpineDetect-shengwen-branch/SpineDetect/tpm_simulator/pipelines/cloud/logs/degrade/20260412_023037/degrade.log
[02:30:38] degrade_one_chunk: sourced config, chunk=microns_864691136573242786_0004
[02:30:38] degrade_one_chunk: MATLAB_CMD=matlab -batch matlab_path=/usr/local/bin/matlab
[02:30:38] degrade_one_chunk: about to run MATLAB
/cis/local/linux/MATLAB/R2015a/bin/glnxa64/need_softwareopengl: error while loading shared libraries: libncurses.so.5: cannot open shared object file: No such file or directory
MATLAB is selecting SOFTWARE OPENGL rendering.
/usr/local/bin/matlab: 1: eval: Syntax error: "(" unexpected
[02:30:39] FAIL: microns_864691136573242786_0004
[02:30:39] --- [5/16] microns_864691136573242786_0005 ---
[02:30:39] degrade_one_chunk.sh ENTERED arg1=/cis/home/rwang183/my_documents/BDD/SpineDetect-shengwen-branch/SpineDetect/tpm_simulator/data/chunk/microns_864691136573242786_0005 arg2=/cis/home/rwang183/my_documents/BDD/SpineDetect-shengwen-branch/SpineDetect/tpm_simulator/pipelines/cloud/logs/degrade/20260412_023037/degrade.log
[02:30:39] degrade_one_chunk: sourced config, chunk=microns_864691136573242786_0005
[02:30:39] degrade_one_chunk: MATLAB_CMD=matlab -batch matlab_path=/usr/local/bin/matlab
[02:30:39] degrade_one_chunk: about to run MATLAB
/cis/local/linux/MATLAB/R2015a/bin/glnxa64/need_softwareopengl: error while loading shared libraries: libncurses.so.5: cannot open shared object file: No such file or directory
MATLAB is selecting SOFTWARE OPENGL rendering.
/usr/local/bin/matlab: 1: eval: Syntax error: "(" unexpected
[02:30:39] FAIL: microns_864691136573242786_0005
[02:30:39] --- [6/16] microns_864691136573242786_0006 ---
[02:30:39] degrade_one_chunk.sh ENTERED arg1=/cis/home/rwang183/my_documents/BDD/SpineDetect-shengwen-branch/SpineDetect/tpm_simulator/data/chunk/microns_864691136573242786_0006 arg2=/cis/home/rwang183/my_documents/BDD/SpineDetect-shengwen-branch/SpineDetect/tpm_simulator/pipelines/cloud/logs/degrade/20260412_023037/degrade.log
[02:30:39] degrade_one_chunk: sourced config, chunk=microns_864691136573242786_0006
[02:30:39] degrade_one_chunk: MATLAB_CMD=matlab -batch matlab_path=/usr/local/bin/matlab
[02:30:39] degrade_one_chunk: about to run MATLAB
/cis/local/linux/MATLAB/R2015a/bin/glnxa64/need_softwareopengl: error while loading shared libraries: libncurses.so.5: cannot open shared object file: No such file or directory
MATLAB is selecting SOFTWARE OPENGL rendering.
/usr/local/bin/matlab: 1: eval: Syntax error: "(" unexpected
[02:30:39] FAIL: microns_864691136573242786_0006
[02:30:39] --- [7/16] microns_864691136573242786_0007 ---
[02:30:39] degrade_one_chunk.sh ENTERED arg1=/cis/home/rwang183/my_documents/BDD/SpineDetect-shengwen-branch/SpineDetect/tpm_simulator/data/chunk/microns_864691136573242786_0007 arg2=/cis/home/rwang183/my_documents/BDD/SpineDetect-shengwen-branch/SpineDetect/tpm_simulator/pipelines/cloud/logs/degrade/20260412_023037/degrade.log
[02:30:39] degrade_one_chunk: sourced config, chunk=microns_864691136573242786_0007
[02:30:39] degrade_one_chunk: MATLAB_CMD=matlab -batch matlab_path=/usr/local/bin/matlab
[02:30:39] degrade_one_chunk: about to run MATLAB
/cis/local/linux/MATLAB/R2015a/bin/glnxa64/need_softwareopengl: error while loading shared libraries: libncurses.so.5: cannot open shared object file: No such file or directory
MATLAB is selecting SOFTWARE OPENGL rendering.
/usr/local/bin/matlab: 1: eval: Syntax error: "(" unexpected
[02:30:39] FAIL: microns_864691136573242786_0007
[02:30:39] --- [8/16] microns_864691136573242786_0008 ---
[02:30:39] degrade_one_chunk.sh ENTERED arg1=/cis/home/rwang183/my_documents/BDD/SpineDetect-shengwen-branch/SpineDetect/tpm_simulator/data/chunk/microns_864691136573242786_0008 arg2=/cis/home/rwang183/my_documents/BDD/SpineDetect-shengwen-branch/SpineDetect/tpm_simulator/pipelines/cloud/logs/degrade/20260412_023037/degrade.log
[02:30:39] degrade_one_chunk: sourced config, chunk=microns_864691136573242786_0008
[02:30:39] degrade_one_chunk: MATLAB_CMD=matlab -batch matlab_path=/usr/local/bin/matlab
[02:30:40] degrade_one_chunk: about to run MATLAB
/cis/local/linux/MATLAB/R2015a/bin/glnxa64/need_softwareopengl: error while loading shared libraries: libncurses.so.5: cannot open shared object file: No such file or directory
MATLAB is selecting SOFTWARE OPENGL rendering.
/usr/local/bin/matlab: 1: eval: Syntax error: "(" unexpected
[02:30:40] FAIL: microns_864691136573242786_0008
[02:30:40] --- [9/16] microns_864691136573242786_0009 ---
[02:30:40] degrade_one_chunk.sh ENTERED arg1=/cis/home/rwang183/my_documents/BDD/SpineDetect-shengwen-branch/SpineDetect/tpm_simulator/data/chunk/microns_864691136573242786_0009 arg2=/cis/home/rwang183/my_documents/BDD/SpineDetect-shengwen-branch/SpineDetect/tpm_simulator/pipelines/cloud/logs/degrade/20260412_023037/degrade.log
[02:30:40] degrade_one_chunk: sourced config, chunk=microns_864691136573242786_0009
[02:30:40] degrade_one_chunk: MATLAB_CMD=matlab -batch matlab_path=/usr/local/bin/matlab
[02:30:40] degrade_one_chunk: about to run MATLAB
/cis/local/linux/MATLAB/R2015a/bin/glnxa64/need_softwareopengl: error while loading shared libraries: libncurses.so.5: cannot open shared object file: No such file or directory
MATLAB is selecting SOFTWARE OPENGL rendering.
/usr/local/bin/matlab: 1: eval: Syntax error: "(" unexpected
[02:30:40] FAIL: microns_864691136573242786_0009
[02:30:40] --- [10/16] microns_864691136573242786_0010 ---
[02:30:40] degrade_one_chunk.sh ENTERED arg1=/cis/home/rwang183/my_documents/BDD/SpineDetect-shengwen-branch/SpineDetect/tpm_simulator/data/chunk/microns_864691136573242786_0010 arg2=/cis/home/rwang183/my_documents/BDD/SpineDetect-shengwen-branch/SpineDetect/tpm_simulator/pipelines/cloud/logs/degrade/20260412_023037/degrade.log
[02:30:40] degrade_one_chunk: sourced config, chunk=microns_864691136573242786_0010
[02:30:40] degrade_one_chunk: MATLAB_CMD=matlab -batch matlab_path=/usr/local/bin/matlab
[02:30:40] degrade_one_chunk: about to run MATLAB
/cis/local/linux/MATLAB/R2015a/bin/glnxa64/need_softwareopengl: error while loading shared libraries: libncurses.so.5: cannot open shared object file: No such file or directory
MATLAB is selecting SOFTWARE OPENGL rendering.
/usr/local/bin/matlab: 1: eval: Syntax error: "(" unexpected
[02:30:40] FAIL: microns_864691136573242786_0010
[02:30:40] --- [11/16] microns_864691136573242786_0011 ---
[02:30:40] degrade_one_chunk.sh ENTERED arg1=/cis/home/rwang183/my_documents/BDD/SpineDetect-shengwen-branch/SpineDetect/tpm_simulator/data/chunk/microns_864691136573242786_0011 arg2=/cis/home/rwang183/my_documents/BDD/SpineDetect-shengwen-branch/SpineDetect/tpm_simulator/pipelines/cloud/logs/degrade/20260412_023037/degrade.log
[02:30:40] degrade_one_chunk: sourced config, chunk=microns_864691136573242786_0011
[02:30:40] degrade_one_chunk: MATLAB_CMD=matlab -batch matlab_path=/usr/local/bin/matlab
[02:30:40] degrade_one_chunk: about to run MATLAB
/cis/local/linux/MATLAB/R2015a/bin/glnxa64/need_softwareopengl: error while loading shared libraries: libncurses.so.5: cannot open shared object file: No such file or directory
MATLAB is selecting SOFTWARE OPENGL rendering.
/usr/local/bin/matlab: 1: eval: Syntax error: "(" unexpected
[02:30:40] FAIL: microns_864691136573242786_0011
[02:30:40] --- [12/16] microns_864691136573242786_0012 ---
[02:30:40] degrade_one_chunk.sh ENTERED arg1=/cis/home/rwang183/my_documents/BDD/SpineDetect-shengwen-branch/SpineDetect/tpm_simulator/data/chunk/microns_864691136573242786_0012 arg2=/cis/home/rwang183/my_documents/BDD/SpineDetect-shengwen-branch/SpineDetect/tpm_simulator/pipelines/cloud/logs/degrade/20260412_023037/degrade.log
[02:30:41] degrade_one_chunk: sourced config, chunk=microns_864691136573242786_0012
[02:30:41] degrade_one_chunk: MATLAB_CMD=matlab -batch matlab_path=/usr/local/bin/matlab
[02:30:41] degrade_one_chunk: about to run MATLAB
/cis/local/linux/MATLAB/R2015a/bin/glnxa64/need_softwareopengl: error while loading shared libraries: libncurses.so.5: cannot open shared object file: No such file or directory
MATLAB is selecting SOFTWARE OPENGL rendering.
/usr/local/bin/matlab: 1: eval: Syntax error: "(" unexpected
[02:30:41] FAIL: microns_864691136573242786_0012
[02:30:41] --- [13/16] microns_864691136573242786_0013 ---
[02:30:41] degrade_one_chunk.sh ENTERED arg1=/cis/home/rwang183/my_documents/BDD/SpineDetect-shengwen-branch/SpineDetect/tpm_simulator/data/chunk/microns_864691136573242786_0013 arg2=/cis/home/rwang183/my_documents/BDD/SpineDetect-shengwen-branch/SpineDetect/tpm_simulator/pipelines/cloud/logs/degrade/20260412_023037/degrade.log
[02:30:41] degrade_one_chunk: sourced config, chunk=microns_864691136573242786_0013
[02:30:41] degrade_one_chunk: MATLAB_CMD=matlab -batch matlab_path=/usr/local/bin/matlab
[02:30:41] degrade_one_chunk: about to run MATLAB
/cis/local/linux/MATLAB/R2015a/bin/glnxa64/need_softwareopengl: error while loading shared libraries: libncurses.so.5: cannot open shared object file: No such file or directory
MATLAB is selecting SOFTWARE OPENGL rendering.
/usr/local/bin/matlab: 1: eval: Syntax error: "(" unexpected
[02:30:41] FAIL: microns_864691136573242786_0013
[02:30:41] --- [14/16] microns_864691136573242786_0014 ---
[02:30:41] degrade_one_chunk.sh ENTERED arg1=/cis/home/rwang183/my_documents/BDD/SpineDetect-shengwen-branch/SpineDetect/tpm_simulator/data/chunk/microns_864691136573242786_0014 arg2=/cis/home/rwang183/my_documents/BDD/SpineDetect-shengwen-branch/SpineDetect/tpm_simulator/pipelines/cloud/logs/degrade/20260412_023037/degrade.log
[02:30:41] degrade_one_chunk: sourced config, chunk=microns_864691136573242786_0014
[02:30:41] degrade_one_chunk: MATLAB_CMD=matlab -batch matlab_path=/usr/local/bin/matlab
[02:30:41] degrade_one_chunk: about to run MATLAB
/cis/local/linux/MATLAB/R2015a/bin/glnxa64/need_softwareopengl: error while loading shared libraries: libncurses.so.5: cannot open shared object file: No such file or directory
MATLAB is selecting SOFTWARE OPENGL rendering.
/usr/local/bin/matlab: 1: eval: Syntax error: "(" unexpected
[02:30:41] FAIL: microns_864691136573242786_0014
[02:30:41] --- [15/16] microns_864691136573242786_0015 ---
[02:30:41] degrade_one_chunk.sh ENTERED arg1=/cis/home/rwang183/my_documents/BDD/SpineDetect-shengwen-branch/SpineDetect/tpm_simulator/data/chunk/microns_864691136573242786_0015 arg2=/cis/home/rwang183/my_documents/BDD/SpineDetect-shengwen-branch/SpineDetect/tpm_simulator/pipelines/cloud/logs/degrade/20260412_023037/degrade.log
[02:30:41] degrade_one_chunk: sourced config, chunk=microns_864691136573242786_0015
[02:30:41] degrade_one_chunk: MATLAB_CMD=matlab -batch matlab_path=/usr/local/bin/matlab
[02:30:41] degrade_one_chunk: about to run MATLAB
/cis/local/linux/MATLAB/R2015a/bin/glnxa64/need_softwareopengl: error while loading shared libraries: libncurses.so.5: cannot open shared object file: No such file or directory
MATLAB is selecting SOFTWARE OPENGL rendering.
/usr/local/bin/matlab: 1: eval: Syntax error: "(" unexpected
[02:30:42] FAIL: microns_864691136573242786_0015
[02:30:42] --- [16/16] microns_864691136573242786_0016 ---
[02:30:42] degrade_one_chunk.sh ENTERED arg1=/cis/home/rwang183/my_documents/BDD/SpineDetect-shengwen-branch/SpineDetect/tpm_simulator/data/chunk/microns_864691136573242786_0016 arg2=/cis/home/rwang183/my_documents/BDD/SpineDetect-shengwen-branch/SpineDetect/tpm_simulator/pipelines/cloud/logs/degrade/20260412_023037/degrade.log
[02:30:42] degrade_one_chunk: sourced config, chunk=microns_864691136573242786_0016
[02:30:42] degrade_one_chunk: MATLAB_CMD=matlab -batch matlab_path=/usr/local/bin/matlab
[02:30:42] degrade_one_chunk: about to run MATLAB
/cis/local/linux/MATLAB/R2015a/bin/glnxa64/need_softwareopengl: error while loading shared libraries: libncurses.so.5: cannot open shared object file: No such file or directory
MATLAB is selecting SOFTWARE OPENGL rendering.
/usr/local/bin/matlab: 1: eval: Syntax error: "(" unexpected
[02:30:42] FAIL: microns_864691136573242786_0016
[02:30:42] Finished: 0/16 succeeded
