[22:35:59] degrade_one_chunk: chunk_path=/cis/home/rwang183/my_documents/BDD/SpineDetect-shengwen-branch/SpineDetect/tpm_simulator/data/chunk/microns_864691135941113460_0001 main_log=/cis/home/rwang183/my_documents/BDD/SpineDetect-shengwen-branch/SpineDetect/tpm_simulator/pipelines/cloud/logs/degrade/20260411_223559/degrade.log
[22:35:59] degrade_one_chunk: module command not found, assuming matlab in PATH
[22:35:59] degrade_one_chunk: which matlab=/usr/local/bin/matlab
[22:36:00] degrade_one_chunk: about to run MATLAB, manifest=/cis/home/rwang183/my_documents/BDD/SpineDetect-shengwen-branch/SpineDetect/tpm_simulator/simulation_module_v4/tmp/degrade_args_microns_864691135941113460_0001.txt
[22:36:00] degrade_one_chunk: invoking MATLAB for microns_864691135941113460_0001
[22:36:00] degrade_one_chunk: chunk_path=/cis/home/rwang183/my_documents/BDD/SpineDetect-shengwen-branch/SpineDetect/tpm_simulator/data/chunk/microns_864691135941113460_0002 main_log=/cis/home/rwang183/my_documents/BDD/SpineDetect-shengwen-branch/SpineDetect/tpm_simulator/pipelines/cloud/logs/degrade/20260411_223559/degrade.log
[22:36:00] degrade_one_chunk: module command not found, assuming matlab in PATH
[22:36:00] degrade_one_chunk: which matlab=/usr/local/bin/matlab
[22:36:00] degrade_one_chunk: about to run MATLAB, manifest=/cis/home/rwang183/my_documents/BDD/SpineDetect-shengwen-branch/SpineDetect/tpm_simulator/simulation_module_v4/tmp/degrade_args_microns_864691135941113460_0002.txt
[22:36:00] degrade_one_chunk: invoking MATLAB for microns_864691135941113460_0002
[22:36:00] degrade_one_chunk: chunk_path=/cis/home/rwang183/my_documents/BDD/SpineDetect-shengwen-branch/SpineDetect/tpm_simulator/data/chunk/microns_864691135941113460_0003 main_log=/cis/home/rwang183/my_documents/BDD/SpineDetect-shengwen-branch/SpineDetect/tpm_simulator/pipelines/cloud/logs/degrade/20260411_223559/degrade.log
[22:36:00] degrade_one_chunk: module command not found, assuming matlab in PATH
[22:36:00] degrade_one_chunk: which matlab=/usr/local/bin/matlab
[22:36:00] degrade_one_chunk: about to run MATLAB, manifest=/cis/home/rwang183/my_documents/BDD/SpineDetect-shengwen-branch/SpineDetect/tpm_simulator/simulation_module_v4/tmp/degrade_args_microns_864691135941113460_0003.txt
[22:36:00] degrade_one_chunk: invoking MATLAB for microns_864691135941113460_0003
[22:36:00] degrade_one_chunk: chunk_path=/cis/home/rwang183/my_documents/BDD/SpineDetect-shengwen-branch/SpineDetect/tpm_simulator/data/chunk/microns_864691135941113460_0004 main_log=/cis/home/rwang183/my_documents/BDD/SpineDetect-shengwen-branch/SpineDetect/tpm_simulator/pipelines/cloud/logs/degrade/20260411_223559/degrade.log
[22:36:00] degrade_one_chunk: module command not found, assuming matlab in PATH
[22:36:00] degrade_one_chunk: which matlab=/usr/local/bin/matlab
[22:36:00] degrade_one_chunk: about to run MATLAB, manifest=/cis/home/rwang183/my_documents/BDD/SpineDetect-shengwen-branch/SpineDetect/tpm_simulator/simulation_module_v4/tmp/degrade_args_microns_864691135941113460_0004.txt
[22:36:00] degrade_one_chunk: invoking MATLAB for microns_864691135941113460_0004
[22:36:00] degrade_one_chunk: chunk_path=/cis/home/rwang183/my_documents/BDD/SpineDetect-shengwen-branch/SpineDetect/tpm_simulator/data/chunk/microns_864691135941113460_0005 main_log=/cis/home/rwang183/my_documents/BDD/SpineDetect-shengwen-branch/SpineDetect/tpm_simulator/pipelines/cloud/logs/degrade/20260411_223559/degrade.log
[22:36:00] degrade_one_chunk: module command not found, assuming matlab in PATH
[22:36:00] degrade_one_chunk: which matlab=/usr/local/bin/matlab
[22:36:01] degrade_one_chunk: about to run MATLAB, manifest=/cis/home/rwang183/my_documents/BDD/SpineDetect-shengwen-branch/SpineDetect/tpm_simulator/simulation_module_v4/tmp/degrade_args_microns_864691135941113460_0005.txt
[22:36:01] degrade_one_chunk: invoking MATLAB for microns_864691135941113460_0005
[22:36:01] degrade_one_chunk: chunk_path=/cis/home/rwang183/my_documents/BDD/SpineDetect-shengwen-branch/SpineDetect/tpm_simulator/data/chunk/microns_864691135941113460_0006 main_log=/cis/home/rwang183/my_documents/BDD/SpineDetect-shengwen-branch/SpineDetect/tpm_simulator/pipelines/cloud/logs/degrade/20260411_223559/degrade.log
[22:36:01] degrade_one_chunk: module command not found, assuming matlab in PATH
[22:36:01] degrade_one_chunk: which matlab=/usr/local/bin/matlab
[22:36:01] degrade_one_chunk: about to run MATLAB, manifest=/cis/home/rwang183/my_documents/BDD/SpineDetect-shengwen-branch/SpineDetect/tpm_simulator/simulation_module_v4/tmp/degrade_args_microns_864691135941113460_0006.txt
[22:36:01] degrade_one_chunk: invoking MATLAB for microns_864691135941113460_0006
[22:36:01] degrade_one_chunk: chunk_path=/cis/home/rwang183/my_documents/BDD/SpineDetect-shengwen-branch/SpineDetect/tpm_simulator/data/chunk/microns_864691135941113460_0007 main_log=/cis/home/rwang183/my_documents/BDD/SpineDetect-shengwen-branch/SpineDetect/tpm_simulator/pipelines/cloud/logs/degrade/20260411_223559/degrade.log
[22:36:01] degrade_one_chunk: module command not found, assuming matlab in PATH
[22:36:01] degrade_one_chunk: which matlab=/usr/local/bin/matlab
[22:36:01] degrade_one_chunk: about to run MATLAB, manifest=/cis/home/rwang183/my_documents/BDD/SpineDetect-shengwen-branch/SpineDetect/tpm_simulator/simulation_module_v4/tmp/degrade_args_microns_864691135941113460_0007.txt
[22:36:01] degrade_one_chunk: invoking MATLAB for microns_864691135941113460_0007
[22:36:01] degrade_one_chunk: chunk_path=/cis/home/rwang183/my_documents/BDD/SpineDetect-shengwen-branch/SpineDetect/tpm_simulator/data/chunk/microns_864691135941113460_0008 main_log=/cis/home/rwang183/my_documents/BDD/SpineDetect-shengwen-branch/SpineDetect/tpm_simulator/pipelines/cloud/logs/degrade/20260411_223559/degrade.log
[22:36:01] degrade_one_chunk: module command not found, assuming matlab in PATH
[22:36:01] degrade_one_chunk: which matlab=/usr/local/bin/matlab
[22:36:01] degrade_one_chunk: about to run MATLAB, manifest=/cis/home/rwang183/my_documents/BDD/SpineDetect-shengwen-branch/SpineDetect/tpm_simulator/simulation_module_v4/tmp/degrade_args_microns_864691135941113460_0008.txt
[22:36:01] degrade_one_chunk: invoking MATLAB for microns_864691135941113460_0008
[22:36:02] degrade_one_chunk: chunk_path=/cis/home/rwang183/my_documents/BDD/SpineDetect-shengwen-branch/SpineDetect/tpm_simulator/data/chunk/microns_864691135941113460_0009 main_log=/cis/home/rwang183/my_documents/BDD/SpineDetect-shengwen-branch/SpineDetect/tpm_simulator/pipelines/cloud/logs/degrade/20260411_223559/degrade.log
[22:36:02] degrade_one_chunk: module command not found, assuming matlab in PATH
[22:36:02] degrade_one_chunk: which matlab=/usr/local/bin/matlab
[22:36:02] degrade_one_chunk: about to run MATLAB, manifest=/cis/home/rwang183/my_documents/BDD/SpineDetect-shengwen-branch/SpineDetect/tpm_simulator/simulation_module_v4/tmp/degrade_args_microns_864691135941113460_0009.txt
[22:36:02] degrade_one_chunk: invoking MATLAB for microns_864691135941113460_0009
[22:36:02] degrade_one_chunk: chunk_path=/cis/home/rwang183/my_documents/BDD/SpineDetect-shengwen-branch/SpineDetect/tpm_simulator/data/chunk/microns_864691135941113460_0010 main_log=/cis/home/rwang183/my_documents/BDD/SpineDetect-shengwen-branch/SpineDetect/tpm_simulator/pipelines/cloud/logs/degrade/20260411_223559/degrade.log
[22:36:02] degrade_one_chunk: module command not found, assuming matlab in PATH
[22:36:02] degrade_one_chunk: which matlab=/usr/local/bin/matlab
[22:36:02] degrade_one_chunk: about to run MATLAB, manifest=/cis/home/rwang183/my_documents/BDD/SpineDetect-shengwen-branch/SpineDetect/tpm_simulator/simulation_module_v4/tmp/degrade_args_microns_864691135941113460_0010.txt
[22:36:02] degrade_one_chunk: invoking MATLAB for microns_864691135941113460_0010
[22:36:02] degrade_one_chunk: chunk_path=/cis/home/rwang183/my_documents/BDD/SpineDetect-shengwen-branch/SpineDetect/tpm_simulator/data/chunk/microns_864691135941113460_0011 main_log=/cis/home/rwang183/my_documents/BDD/SpineDetect-shengwen-branch/SpineDetect/tpm_simulator/pipelines/cloud/logs/degrade/20260411_223559/degrade.log
[22:36:02] degrade_one_chunk: module command not found, assuming matlab in PATH
[22:36:02] degrade_one_chunk: which matlab=/usr/local/bin/matlab
[22:36:02] degrade_one_chunk: about to run MATLAB, manifest=/cis/home/rwang183/my_documents/BDD/SpineDetect-shengwen-branch/SpineDetect/tpm_simulator/simulation_module_v4/tmp/degrade_args_microns_864691135941113460_0011.txt
[22:36:02] degrade_one_chunk: invoking MATLAB for microns_864691135941113460_0011
[22:36:02] degrade_one_chunk: chunk_path=/cis/home/rwang183/my_documents/BDD/SpineDetect-shengwen-branch/SpineDetect/tpm_simulator/data/chunk/microns_864691135941113460_0012 main_log=/cis/home/rwang183/my_documents/BDD/SpineDetect-shengwen-branch/SpineDetect/tpm_simulator/pipelines/cloud/logs/degrade/20260411_223559/degrade.log
[22:36:02] degrade_one_chunk: module command not found, assuming matlab in PATH
[22:36:02] degrade_one_chunk: which matlab=/usr/local/bin/matlab
[22:36:02] degrade_one_chunk: about to run MATLAB, manifest=/cis/home/rwang183/my_documents/BDD/SpineDetect-shengwen-branch/SpineDetect/tpm_simulator/simulation_module_v4/tmp/degrade_args_microns_864691135941113460_0012.txt
[22:36:02] degrade_one_chunk: invoking MATLAB for microns_864691135941113460_0012
[22:36:03] degrade_one_chunk: chunk_path=/cis/home/rwang183/my_documents/BDD/SpineDetect-shengwen-branch/SpineDetect/tpm_simulator/data/chunk/microns_864691135941113460_0013 main_log=/cis/home/rwang183/my_documents/BDD/SpineDetect-shengwen-branch/SpineDetect/tpm_simulator/pipelines/cloud/logs/degrade/20260411_223559/degrade.log
[22:36:03] degrade_one_chunk: module command not found, assuming matlab in PATH
[22:36:03] degrade_one_chunk: which matlab=/usr/local/bin/matlab
[22:36:03] degrade_one_chunk: about to run MATLAB, manifest=/cis/home/rwang183/my_documents/BDD/SpineDetect-shengwen-branch/SpineDetect/tpm_simulator/simulation_module_v4/tmp/degrade_args_microns_864691135941113460_0013.txt
[22:36:03] degrade_one_chunk: invoking MATLAB for microns_864691135941113460_0013
[22:36:03] degrade_one_chunk: chunk_path=/cis/home/rwang183/my_documents/BDD/SpineDetect-shengwen-branch/SpineDetect/tpm_simulator/data/chunk/microns_864691135941113460_0014 main_log=/cis/home/rwang183/my_documents/BDD/SpineDetect-shengwen-branch/SpineDetect/tpm_simulator/pipelines/cloud/logs/degrade/20260411_223559/degrade.log
[22:36:03] degrade_one_chunk: module command not found, assuming matlab in PATH
[22:36:03] degrade_one_chunk: which matlab=/usr/local/bin/matlab
[22:36:03] degrade_one_chunk: about to run MATLAB, manifest=/cis/home/rwang183/my_documents/BDD/SpineDetect-shengwen-branch/SpineDetect/tpm_simulator/simulation_module_v4/tmp/degrade_args_microns_864691135941113460_0014.txt
[22:36:03] degrade_one_chunk: invoking MATLAB for microns_864691135941113460_0014
[22:36:03] degrade_one_chunk: chunk_path=/cis/home/rwang183/my_documents/BDD/SpineDetect-shengwen-branch/SpineDetect/tpm_simulator/data/chunk/microns_864691135941113460_0015 main_log=/cis/home/rwang183/my_documents/BDD/SpineDetect-shengwen-branch/SpineDetect/tpm_simulator/pipelines/cloud/logs/degrade/20260411_223559/degrade.log
[22:36:03] degrade_one_chunk: module command not found, assuming matlab in PATH
[22:36:03] degrade_one_chunk: which matlab=/usr/local/bin/matlab
[22:36:03] degrade_one_chunk: about to run MATLAB, manifest=/cis/home/rwang183/my_documents/BDD/SpineDetect-shengwen-branch/SpineDetect/tpm_simulator/simulation_module_v4/tmp/degrade_args_microns_864691135941113460_0015.txt
[22:36:03] degrade_one_chunk: invoking MATLAB for microns_864691135941113460_0015
[22:36:03] degrade_one_chunk: chunk_path=/cis/home/rwang183/my_documents/BDD/SpineDetect-shengwen-branch/SpineDetect/tpm_simulator/data/chunk/microns_864691135941113460_0016 main_log=/cis/home/rwang183/my_documents/BDD/SpineDetect-shengwen-branch/SpineDetect/tpm_simulator/pipelines/cloud/logs/degrade/20260411_223559/degrade.log
[22:36:03] degrade_one_chunk: module command not found, assuming matlab in PATH
[22:36:03] degrade_one_chunk: which matlab=/usr/local/bin/matlab
[22:36:03] degrade_one_chunk: about to run MATLAB, manifest=/cis/home/rwang183/my_documents/BDD/SpineDetect-shengwen-branch/SpineDetect/tpm_simulator/simulation_module_v4/tmp/degrade_args_microns_864691135941113460_0016.txt
[22:36:03] degrade_one_chunk: invoking MATLAB for microns_864691135941113460_0016
