[22:35:59] Resume: 16 chunks remaining
[22:35:59] Degrade started, run dir: /cis/home/rwang183/my_documents/BDD/SpineDetect-shengwen-branch/SpineDetect/tpm_simulator/pipelines/cloud/logs/degrade/20260411_223559
[22:35:59] Chunk dir: /cis/home/rwang183/my_documents/BDD/SpineDetect-shengwen-branch/SpineDetect/tpm_simulator/data/chunk, output: /cis/home/rwang183/my_documents/BDD/SpineDetect-shengwen-branch/SpineDetect/tpm_simulator/data/degrade, folders: 16
[22:35:59] --- [1/16] microns_864691135941113460_0001 ---
[22:35:59] degrade_one_chunk.sh ENTERED arg1=/cis/home/rwang183/my_documents/BDD/SpineDetect-shengwen-branch/SpineDetect/tpm_simulator/data/chunk/microns_864691135941113460_0001 arg2=/cis/home/rwang183/my_documents/BDD/SpineDetect-shengwen-branch/SpineDetect/tpm_simulator/pipelines/cloud/logs/degrade/20260411_223559/degrade.log
[22:35:59] degrade_one_chunk: sourced config, chunk=microns_864691135941113460_0001
[22:35:59] degrade_one_chunk: MATLAB_CMD=matlab -batch matlab_path=/usr/local/bin/matlab
[22:36:00] degrade_one_chunk: about to run MATLAB
/cis/local/linux/MATLAB/R2015a/bin/glnxa64/need_softwareopengl: error while loading shared libraries: libncurses.so.5: cannot open shared object file: No such file or directory
MATLAB is selecting SOFTWARE OPENGL rendering.
/usr/local/bin/matlab: 1: eval: Syntax error: "(" unexpected
[22:36:00] FAIL: microns_864691135941113460_0001
[22:36:00] --- [2/16] microns_864691135941113460_0002 ---
[22:36:00] degrade_one_chunk.sh ENTERED arg1=/cis/home/rwang183/my_documents/BDD/SpineDetect-shengwen-branch/SpineDetect/tpm_simulator/data/chunk/microns_864691135941113460_0002 arg2=/cis/home/rwang183/my_documents/BDD/SpineDetect-shengwen-branch/SpineDetect/tpm_simulator/pipelines/cloud/logs/degrade/20260411_223559/degrade.log
[22:36:00] degrade_one_chunk: sourced config, chunk=microns_864691135941113460_0002
[22:36:00] degrade_one_chunk: MATLAB_CMD=matlab -batch matlab_path=/usr/local/bin/matlab
[22:36:00] degrade_one_chunk: about to run MATLAB
/cis/local/linux/MATLAB/R2015a/bin/glnxa64/need_softwareopengl: error while loading shared libraries: libncurses.so.5: cannot open shared object file: No such file or directory
MATLAB is selecting SOFTWARE OPENGL rendering.
/usr/local/bin/matlab: 1: eval: Syntax error: "(" unexpected
[22:36:00] FAIL: microns_864691135941113460_0002
[22:36:00] --- [3/16] microns_864691135941113460_0003 ---
[22:36:00] degrade_one_chunk.sh ENTERED arg1=/cis/home/rwang183/my_documents/BDD/SpineDetect-shengwen-branch/SpineDetect/tpm_simulator/data/chunk/microns_864691135941113460_0003 arg2=/cis/home/rwang183/my_documents/BDD/SpineDetect-shengwen-branch/SpineDetect/tpm_simulator/pipelines/cloud/logs/degrade/20260411_223559/degrade.log
[22:36:00] degrade_one_chunk: sourced config, chunk=microns_864691135941113460_0003
[22:36:00] degrade_one_chunk: MATLAB_CMD=matlab -batch matlab_path=/usr/local/bin/matlab
[22:36:00] degrade_one_chunk: about to run MATLAB
/cis/local/linux/MATLAB/R2015a/bin/glnxa64/need_softwareopengl: error while loading shared libraries: libncurses.so.5: cannot open shared object file: No such file or directory
MATLAB is selecting SOFTWARE OPENGL rendering.
/usr/local/bin/matlab: 1: eval: Syntax error: "(" unexpected
[22:36:00] FAIL: microns_864691135941113460_0003
[22:36:00] --- [4/16] microns_864691135941113460_0004 ---
[22:36:00] degrade_one_chunk.sh ENTERED arg1=/cis/home/rwang183/my_documents/BDD/SpineDetect-shengwen-branch/SpineDetect/tpm_simulator/data/chunk/microns_864691135941113460_0004 arg2=/cis/home/rwang183/my_documents/BDD/SpineDetect-shengwen-branch/SpineDetect/tpm_simulator/pipelines/cloud/logs/degrade/20260411_223559/degrade.log
[22:36:00] degrade_one_chunk: sourced config, chunk=microns_864691135941113460_0004
[22:36:00] degrade_one_chunk: MATLAB_CMD=matlab -batch matlab_path=/usr/local/bin/matlab
[22:36:00] degrade_one_chunk: about to run MATLAB
/cis/local/linux/MATLAB/R2015a/bin/glnxa64/need_softwareopengl: error while loading shared libraries: libncurses.so.5: cannot open shared object file: No such file or directory
MATLAB is selecting SOFTWARE OPENGL rendering.
/usr/local/bin/matlab: 1: eval: Syntax error: "(" unexpected
[22:36:00] FAIL: microns_864691135941113460_0004
[22:36:00] --- [5/16] microns_864691135941113460_0005 ---
[22:36:00] degrade_one_chunk.sh ENTERED arg1=/cis/home/rwang183/my_documents/BDD/SpineDetect-shengwen-branch/SpineDetect/tpm_simulator/data/chunk/microns_864691135941113460_0005 arg2=/cis/home/rwang183/my_documents/BDD/SpineDetect-shengwen-branch/SpineDetect/tpm_simulator/pipelines/cloud/logs/degrade/20260411_223559/degrade.log
[22:36:00] degrade_one_chunk: sourced config, chunk=microns_864691135941113460_0005
[22:36:01] degrade_one_chunk: MATLAB_CMD=matlab -batch matlab_path=/usr/local/bin/matlab
[22:36:01] degrade_one_chunk: about to run MATLAB
/cis/local/linux/MATLAB/R2015a/bin/glnxa64/need_softwareopengl: error while loading shared libraries: libncurses.so.5: cannot open shared object file: No such file or directory
MATLAB is selecting SOFTWARE OPENGL rendering.
/usr/local/bin/matlab: 1: eval: Syntax error: "(" unexpected
[22:36:01] FAIL: microns_864691135941113460_0005
[22:36:01] --- [6/16] microns_864691135941113460_0006 ---
[22:36:01] degrade_one_chunk.sh ENTERED arg1=/cis/home/rwang183/my_documents/BDD/SpineDetect-shengwen-branch/SpineDetect/tpm_simulator/data/chunk/microns_864691135941113460_0006 arg2=/cis/home/rwang183/my_documents/BDD/SpineDetect-shengwen-branch/SpineDetect/tpm_simulator/pipelines/cloud/logs/degrade/20260411_223559/degrade.log
[22:36:01] degrade_one_chunk: sourced config, chunk=microns_864691135941113460_0006
[22:36:01] degrade_one_chunk: MATLAB_CMD=matlab -batch matlab_path=/usr/local/bin/matlab
[22:36:01] degrade_one_chunk: about to run MATLAB
/cis/local/linux/MATLAB/R2015a/bin/glnxa64/need_softwareopengl: error while loading shared libraries: libncurses.so.5: cannot open shared object file: No such file or directory
MATLAB is selecting SOFTWARE OPENGL rendering.
/usr/local/bin/matlab: 1: eval: Syntax error: "(" unexpected
[22:36:01] FAIL: microns_864691135941113460_0006
[22:36:01] --- [7/16] microns_864691135941113460_0007 ---
[22:36:01] degrade_one_chunk.sh ENTERED arg1=/cis/home/rwang183/my_documents/BDD/SpineDetect-shengwen-branch/SpineDetect/tpm_simulator/data/chunk/microns_864691135941113460_0007 arg2=/cis/home/rwang183/my_documents/BDD/SpineDetect-shengwen-branch/SpineDetect/tpm_simulator/pipelines/cloud/logs/degrade/20260411_223559/degrade.log
[22:36:01] degrade_one_chunk: sourced config, chunk=microns_864691135941113460_0007
[22:36:01] degrade_one_chunk: MATLAB_CMD=matlab -batch matlab_path=/usr/local/bin/matlab
[22:36:01] degrade_one_chunk: about to run MATLAB
/cis/local/linux/MATLAB/R2015a/bin/glnxa64/need_softwareopengl: error while loading shared libraries: libncurses.so.5: cannot open shared object file: No such file or directory
MATLAB is selecting SOFTWARE OPENGL rendering.
/usr/local/bin/matlab: 1: eval: Syntax error: "(" unexpected
[22:36:01] FAIL: microns_864691135941113460_0007
[22:36:01] --- [8/16] microns_864691135941113460_0008 ---
[22:36:01] degrade_one_chunk.sh ENTERED arg1=/cis/home/rwang183/my_documents/BDD/SpineDetect-shengwen-branch/SpineDetect/tpm_simulator/data/chunk/microns_864691135941113460_0008 arg2=/cis/home/rwang183/my_documents/BDD/SpineDetect-shengwen-branch/SpineDetect/tpm_simulator/pipelines/cloud/logs/degrade/20260411_223559/degrade.log
[22:36:01] degrade_one_chunk: sourced config, chunk=microns_864691135941113460_0008
[22:36:01] degrade_one_chunk: MATLAB_CMD=matlab -batch matlab_path=/usr/local/bin/matlab
[22:36:01] degrade_one_chunk: about to run MATLAB
/cis/local/linux/MATLAB/R2015a/bin/glnxa64/need_softwareopengl: error while loading shared libraries: libncurses.so.5: cannot open shared object file: No such file or directory
MATLAB is selecting SOFTWARE OPENGL rendering.
/usr/local/bin/matlab: 1: eval: Syntax error: "(" unexpected
[22:36:01] FAIL: microns_864691135941113460_0008
[22:36:01] --- [9/16] microns_864691135941113460_0009 ---
[22:36:02] degrade_one_chunk.sh ENTERED arg1=/cis/home/rwang183/my_documents/BDD/SpineDetect-shengwen-branch/SpineDetect/tpm_simulator/data/chunk/microns_864691135941113460_0009 arg2=/cis/home/rwang183/my_documents/BDD/SpineDetect-shengwen-branch/SpineDetect/tpm_simulator/pipelines/cloud/logs/degrade/20260411_223559/degrade.log
[22:36:02] degrade_one_chunk: sourced config, chunk=microns_864691135941113460_0009
[22:36:02] degrade_one_chunk: MATLAB_CMD=matlab -batch matlab_path=/usr/local/bin/matlab
[22:36:02] degrade_one_chunk: about to run MATLAB
/cis/local/linux/MATLAB/R2015a/bin/glnxa64/need_softwareopengl: error while loading shared libraries: libncurses.so.5: cannot open shared object file: No such file or directory
MATLAB is selecting SOFTWARE OPENGL rendering.
/usr/local/bin/matlab: 1: eval: Syntax error: "(" unexpected
[22:36:02] FAIL: microns_864691135941113460_0009
[22:36:02] --- [10/16] microns_864691135941113460_0010 ---
[22:36:02] degrade_one_chunk.sh ENTERED arg1=/cis/home/rwang183/my_documents/BDD/SpineDetect-shengwen-branch/SpineDetect/tpm_simulator/data/chunk/microns_864691135941113460_0010 arg2=/cis/home/rwang183/my_documents/BDD/SpineDetect-shengwen-branch/SpineDetect/tpm_simulator/pipelines/cloud/logs/degrade/20260411_223559/degrade.log
[22:36:02] degrade_one_chunk: sourced config, chunk=microns_864691135941113460_0010
[22:36:02] degrade_one_chunk: MATLAB_CMD=matlab -batch matlab_path=/usr/local/bin/matlab
[22:36:02] degrade_one_chunk: about to run MATLAB
/cis/local/linux/MATLAB/R2015a/bin/glnxa64/need_softwareopengl: error while loading shared libraries: libncurses.so.5: cannot open shared object file: No such file or directory
MATLAB is selecting SOFTWARE OPENGL rendering.
/usr/local/bin/matlab: 1: eval: Syntax error: "(" unexpected
[22:36:02] FAIL: microns_864691135941113460_0010
[22:36:02] --- [11/16] microns_864691135941113460_0011 ---
[22:36:02] degrade_one_chunk.sh ENTERED arg1=/cis/home/rwang183/my_documents/BDD/SpineDetect-shengwen-branch/SpineDetect/tpm_simulator/data/chunk/microns_864691135941113460_0011 arg2=/cis/home/rwang183/my_documents/BDD/SpineDetect-shengwen-branch/SpineDetect/tpm_simulator/pipelines/cloud/logs/degrade/20260411_223559/degrade.log
[22:36:02] degrade_one_chunk: sourced config, chunk=microns_864691135941113460_0011
[22:36:02] degrade_one_chunk: MATLAB_CMD=matlab -batch matlab_path=/usr/local/bin/matlab
[22:36:02] degrade_one_chunk: about to run MATLAB
/cis/local/linux/MATLAB/R2015a/bin/glnxa64/need_softwareopengl: error while loading shared libraries: libncurses.so.5: cannot open shared object file: No such file or directory
MATLAB is selecting SOFTWARE OPENGL rendering.
/usr/local/bin/matlab: 1: eval: Syntax error: "(" unexpected
[22:36:02] FAIL: microns_864691135941113460_0011
[22:36:02] --- [12/16] microns_864691135941113460_0012 ---
[22:36:02] degrade_one_chunk.sh ENTERED arg1=/cis/home/rwang183/my_documents/BDD/SpineDetect-shengwen-branch/SpineDetect/tpm_simulator/data/chunk/microns_864691135941113460_0012 arg2=/cis/home/rwang183/my_documents/BDD/SpineDetect-shengwen-branch/SpineDetect/tpm_simulator/pipelines/cloud/logs/degrade/20260411_223559/degrade.log
[22:36:02] degrade_one_chunk: sourced config, chunk=microns_864691135941113460_0012
[22:36:02] degrade_one_chunk: MATLAB_CMD=matlab -batch matlab_path=/usr/local/bin/matlab
[22:36:02] degrade_one_chunk: about to run MATLAB
/cis/local/linux/MATLAB/R2015a/bin/glnxa64/need_softwareopengl: error while loading shared libraries: libncurses.so.5: cannot open shared object file: No such file or directory
MATLAB is selecting SOFTWARE OPENGL rendering.
/usr/local/bin/matlab: 1: eval: Syntax error: "(" unexpected
[22:36:02] FAIL: microns_864691135941113460_0012
[22:36:02] --- [13/16] microns_864691135941113460_0013 ---
[22:36:03] degrade_one_chunk.sh ENTERED arg1=/cis/home/rwang183/my_documents/BDD/SpineDetect-shengwen-branch/SpineDetect/tpm_simulator/data/chunk/microns_864691135941113460_0013 arg2=/cis/home/rwang183/my_documents/BDD/SpineDetect-shengwen-branch/SpineDetect/tpm_simulator/pipelines/cloud/logs/degrade/20260411_223559/degrade.log
[22:36:03] degrade_one_chunk: sourced config, chunk=microns_864691135941113460_0013
[22:36:03] degrade_one_chunk: MATLAB_CMD=matlab -batch matlab_path=/usr/local/bin/matlab
[22:36:03] degrade_one_chunk: about to run MATLAB
/cis/local/linux/MATLAB/R2015a/bin/glnxa64/need_softwareopengl: error while loading shared libraries: libncurses.so.5: cannot open shared object file: No such file or directory
MATLAB is selecting SOFTWARE OPENGL rendering.
/usr/local/bin/matlab: 1: eval: Syntax error: "(" unexpected
[22:36:03] FAIL: microns_864691135941113460_0013
[22:36:03] --- [14/16] microns_864691135941113460_0014 ---
[22:36:03] degrade_one_chunk.sh ENTERED arg1=/cis/home/rwang183/my_documents/BDD/SpineDetect-shengwen-branch/SpineDetect/tpm_simulator/data/chunk/microns_864691135941113460_0014 arg2=/cis/home/rwang183/my_documents/BDD/SpineDetect-shengwen-branch/SpineDetect/tpm_simulator/pipelines/cloud/logs/degrade/20260411_223559/degrade.log
[22:36:03] degrade_one_chunk: sourced config, chunk=microns_864691135941113460_0014
[22:36:03] degrade_one_chunk: MATLAB_CMD=matlab -batch matlab_path=/usr/local/bin/matlab
[22:36:03] degrade_one_chunk: about to run MATLAB
/cis/local/linux/MATLAB/R2015a/bin/glnxa64/need_softwareopengl: error while loading shared libraries: libncurses.so.5: cannot open shared object file: No such file or directory
MATLAB is selecting SOFTWARE OPENGL rendering.
/usr/local/bin/matlab: 1: eval: Syntax error: "(" unexpected
[22:36:03] FAIL: microns_864691135941113460_0014
[22:36:03] --- [15/16] microns_864691135941113460_0015 ---
[22:36:03] degrade_one_chunk.sh ENTERED arg1=/cis/home/rwang183/my_documents/BDD/SpineDetect-shengwen-branch/SpineDetect/tpm_simulator/data/chunk/microns_864691135941113460_0015 arg2=/cis/home/rwang183/my_documents/BDD/SpineDetect-shengwen-branch/SpineDetect/tpm_simulator/pipelines/cloud/logs/degrade/20260411_223559/degrade.log
[22:36:03] degrade_one_chunk: sourced config, chunk=microns_864691135941113460_0015
[22:36:03] degrade_one_chunk: MATLAB_CMD=matlab -batch matlab_path=/usr/local/bin/matlab
[22:36:03] degrade_one_chunk: about to run MATLAB
/cis/local/linux/MATLAB/R2015a/bin/glnxa64/need_softwareopengl: error while loading shared libraries: libncurses.so.5: cannot open shared object file: No such file or directory
MATLAB is selecting SOFTWARE OPENGL rendering.
/usr/local/bin/matlab: 1: eval: Syntax error: "(" unexpected
[22:36:03] FAIL: microns_864691135941113460_0015
[22:36:03] --- [16/16] microns_864691135941113460_0016 ---
[22:36:03] degrade_one_chunk.sh ENTERED arg1=/cis/home/rwang183/my_documents/BDD/SpineDetect-shengwen-branch/SpineDetect/tpm_simulator/data/chunk/microns_864691135941113460_0016 arg2=/cis/home/rwang183/my_documents/BDD/SpineDetect-shengwen-branch/SpineDetect/tpm_simulator/pipelines/cloud/logs/degrade/20260411_223559/degrade.log
[22:36:03] degrade_one_chunk: sourced config, chunk=microns_864691135941113460_0016
[22:36:03] degrade_one_chunk: MATLAB_CMD=matlab -batch matlab_path=/usr/local/bin/matlab
[22:36:03] degrade_one_chunk: about to run MATLAB
/cis/local/linux/MATLAB/R2015a/bin/glnxa64/need_softwareopengl: error while loading shared libraries: libncurses.so.5: cannot open shared object file: No such file or directory
MATLAB is selecting SOFTWARE OPENGL rendering.
/usr/local/bin/matlab: 1: eval: Syntax error: "(" unexpected
[22:36:03] FAIL: microns_864691135941113460_0016
[22:36:04] Finished: 0/16 succeeded
