[13:02:11] Resume: 16 chunks remaining
[13:02:11] Degrade started, run dir: /cis/home/rwang183/my_documents/BDD/SpineDetect-shengwen-branch/SpineDetect/tpm_simulator/pipelines/cloud/logs/degrade/20260411_130211
[13:02:11] Chunk dir: /cis/home/rwang183/my_documents/BDD/SpineDetect-shengwen-branch/SpineDetect/tpm_simulator/data/chunk, output: /cis/home/rwang183/my_documents/BDD/SpineDetect-shengwen-branch/SpineDetect/tpm_simulator/data/degrade, folders: 16
[13:02:11] --- [1/16] microns_864691135136385275_0001 ---
[13:02:11] degrade_one_chunk.sh ENTERED arg1=/cis/home/rwang183/my_documents/BDD/SpineDetect-shengwen-branch/SpineDetect/tpm_simulator/data/chunk/microns_864691135136385275_0001 arg2=/cis/home/rwang183/my_documents/BDD/SpineDetect-shengwen-branch/SpineDetect/tpm_simulator/pipelines/cloud/logs/degrade/20260411_130211/degrade.log
[13:02:11] degrade_one_chunk: sourced config, chunk=microns_864691135136385275_0001
[13:02:11] degrade_one_chunk: MATLAB_CMD=matlab -batch matlab_path=/usr/local/bin/matlab
[13:02:11] degrade_one_chunk: about to run MATLAB
/cis/local/linux/MATLAB/R2015a/bin/glnxa64/need_softwareopengl: error while loading shared libraries: libncurses.so.5: cannot open shared object file: No such file or directory
MATLAB is selecting SOFTWARE OPENGL rendering.
/usr/local/bin/matlab: 1: eval: Syntax error: "(" unexpected
[13:02:11] FAIL: microns_864691135136385275_0001
[13:02:11] --- [2/16] microns_864691135136385275_0002 ---
[13:02:11] degrade_one_chunk.sh ENTERED arg1=/cis/home/rwang183/my_documents/BDD/SpineDetect-shengwen-branch/SpineDetect/tpm_simulator/data/chunk/microns_864691135136385275_0002 arg2=/cis/home/rwang183/my_documents/BDD/SpineDetect-shengwen-branch/SpineDetect/tpm_simulator/pipelines/cloud/logs/degrade/20260411_130211/degrade.log
[13:02:11] degrade_one_chunk: sourced config, chunk=microns_864691135136385275_0002
[13:02:11] degrade_one_chunk: MATLAB_CMD=matlab -batch matlab_path=/usr/local/bin/matlab
[13:02:11] degrade_one_chunk: about to run MATLAB
/cis/local/linux/MATLAB/R2015a/bin/glnxa64/need_softwareopengl: error while loading shared libraries: libncurses.so.5: cannot open shared object file: No such file or directory
MATLAB is selecting SOFTWARE OPENGL rendering.
/usr/local/bin/matlab: 1: eval: Syntax error: "(" unexpected
[13:02:11] FAIL: microns_864691135136385275_0002
[13:02:11] --- [3/16] microns_864691135136385275_0003 ---
[13:02:11] degrade_one_chunk.sh ENTERED arg1=/cis/home/rwang183/my_documents/BDD/SpineDetect-shengwen-branch/SpineDetect/tpm_simulator/data/chunk/microns_864691135136385275_0003 arg2=/cis/home/rwang183/my_documents/BDD/SpineDetect-shengwen-branch/SpineDetect/tpm_simulator/pipelines/cloud/logs/degrade/20260411_130211/degrade.log
[13:02:11] degrade_one_chunk: sourced config, chunk=microns_864691135136385275_0003
[13:02:11] degrade_one_chunk: MATLAB_CMD=matlab -batch matlab_path=/usr/local/bin/matlab
[13:02:12] degrade_one_chunk: about to run MATLAB
/cis/local/linux/MATLAB/R2015a/bin/glnxa64/need_softwareopengl: error while loading shared libraries: libncurses.so.5: cannot open shared object file: No such file or directory
MATLAB is selecting SOFTWARE OPENGL rendering.
/usr/local/bin/matlab: 1: eval: Syntax error: "(" unexpected
[13:02:12] FAIL: microns_864691135136385275_0003
[13:02:12] --- [4/16] microns_864691135136385275_0004 ---
[13:02:12] degrade_one_chunk.sh ENTERED arg1=/cis/home/rwang183/my_documents/BDD/SpineDetect-shengwen-branch/SpineDetect/tpm_simulator/data/chunk/microns_864691135136385275_0004 arg2=/cis/home/rwang183/my_documents/BDD/SpineDetect-shengwen-branch/SpineDetect/tpm_simulator/pipelines/cloud/logs/degrade/20260411_130211/degrade.log
[13:02:12] degrade_one_chunk: sourced config, chunk=microns_864691135136385275_0004
[13:02:12] degrade_one_chunk: MATLAB_CMD=matlab -batch matlab_path=/usr/local/bin/matlab
[13:02:12] degrade_one_chunk: about to run MATLAB
/cis/local/linux/MATLAB/R2015a/bin/glnxa64/need_softwareopengl: error while loading shared libraries: libncurses.so.5: cannot open shared object file: No such file or directory
MATLAB is selecting SOFTWARE OPENGL rendering.
/usr/local/bin/matlab: 1: eval: Syntax error: "(" unexpected
[13:02:12] FAIL: microns_864691135136385275_0004
[13:02:12] --- [5/16] microns_864691135136385275_0005 ---
[13:02:12] degrade_one_chunk.sh ENTERED arg1=/cis/home/rwang183/my_documents/BDD/SpineDetect-shengwen-branch/SpineDetect/tpm_simulator/data/chunk/microns_864691135136385275_0005 arg2=/cis/home/rwang183/my_documents/BDD/SpineDetect-shengwen-branch/SpineDetect/tpm_simulator/pipelines/cloud/logs/degrade/20260411_130211/degrade.log
[13:02:12] degrade_one_chunk: sourced config, chunk=microns_864691135136385275_0005
[13:02:12] degrade_one_chunk: MATLAB_CMD=matlab -batch matlab_path=/usr/local/bin/matlab
[13:02:12] degrade_one_chunk: about to run MATLAB
/cis/local/linux/MATLAB/R2015a/bin/glnxa64/need_softwareopengl: error while loading shared libraries: libncurses.so.5: cannot open shared object file: No such file or directory
MATLAB is selecting SOFTWARE OPENGL rendering.
/usr/local/bin/matlab: 1: eval: Syntax error: "(" unexpected
[13:02:12] FAIL: microns_864691135136385275_0005
[13:02:12] --- [6/16] microns_864691135136385275_0006 ---
[13:02:12] degrade_one_chunk.sh ENTERED arg1=/cis/home/rwang183/my_documents/BDD/SpineDetect-shengwen-branch/SpineDetect/tpm_simulator/data/chunk/microns_864691135136385275_0006 arg2=/cis/home/rwang183/my_documents/BDD/SpineDetect-shengwen-branch/SpineDetect/tpm_simulator/pipelines/cloud/logs/degrade/20260411_130211/degrade.log
[13:02:12] degrade_one_chunk: sourced config, chunk=microns_864691135136385275_0006
[13:02:12] degrade_one_chunk: MATLAB_CMD=matlab -batch matlab_path=/usr/local/bin/matlab
[13:02:12] degrade_one_chunk: about to run MATLAB
/cis/local/linux/MATLAB/R2015a/bin/glnxa64/need_softwareopengl: error while loading shared libraries: libncurses.so.5: cannot open shared object file: No such file or directory
MATLAB is selecting SOFTWARE OPENGL rendering.
/usr/local/bin/matlab: 1: eval: Syntax error: "(" unexpected
[13:02:12] FAIL: microns_864691135136385275_0006
[13:02:12] --- [7/16] microns_864691135136385275_0007 ---
[13:02:12] degrade_one_chunk.sh ENTERED arg1=/cis/home/rwang183/my_documents/BDD/SpineDetect-shengwen-branch/SpineDetect/tpm_simulator/data/chunk/microns_864691135136385275_0007 arg2=/cis/home/rwang183/my_documents/BDD/SpineDetect-shengwen-branch/SpineDetect/tpm_simulator/pipelines/cloud/logs/degrade/20260411_130211/degrade.log
[13:02:12] degrade_one_chunk: sourced config, chunk=microns_864691135136385275_0007
[13:02:13] degrade_one_chunk: MATLAB_CMD=matlab -batch matlab_path=/usr/local/bin/matlab
[13:02:13] degrade_one_chunk: about to run MATLAB
/cis/local/linux/MATLAB/R2015a/bin/glnxa64/need_softwareopengl: error while loading shared libraries: libncurses.so.5: cannot open shared object file: No such file or directory
MATLAB is selecting SOFTWARE OPENGL rendering.
/usr/local/bin/matlab: 1: eval: Syntax error: "(" unexpected
[13:02:13] FAIL: microns_864691135136385275_0007
[13:02:13] --- [8/16] microns_864691135136385275_0008 ---
[13:02:13] degrade_one_chunk.sh ENTERED arg1=/cis/home/rwang183/my_documents/BDD/SpineDetect-shengwen-branch/SpineDetect/tpm_simulator/data/chunk/microns_864691135136385275_0008 arg2=/cis/home/rwang183/my_documents/BDD/SpineDetect-shengwen-branch/SpineDetect/tpm_simulator/pipelines/cloud/logs/degrade/20260411_130211/degrade.log
[13:02:13] degrade_one_chunk: sourced config, chunk=microns_864691135136385275_0008
[13:02:13] degrade_one_chunk: MATLAB_CMD=matlab -batch matlab_path=/usr/local/bin/matlab
[13:02:13] degrade_one_chunk: about to run MATLAB
/cis/local/linux/MATLAB/R2015a/bin/glnxa64/need_softwareopengl: error while loading shared libraries: libncurses.so.5: cannot open shared object file: No such file or directory
MATLAB is selecting SOFTWARE OPENGL rendering.
/usr/local/bin/matlab: 1: eval: Syntax error: "(" unexpected
[13:02:13] FAIL: microns_864691135136385275_0008
[13:02:13] --- [9/16] microns_864691135136385275_0009 ---
[13:02:13] degrade_one_chunk.sh ENTERED arg1=/cis/home/rwang183/my_documents/BDD/SpineDetect-shengwen-branch/SpineDetect/tpm_simulator/data/chunk/microns_864691135136385275_0009 arg2=/cis/home/rwang183/my_documents/BDD/SpineDetect-shengwen-branch/SpineDetect/tpm_simulator/pipelines/cloud/logs/degrade/20260411_130211/degrade.log
[13:02:13] degrade_one_chunk: sourced config, chunk=microns_864691135136385275_0009
[13:02:13] degrade_one_chunk: MATLAB_CMD=matlab -batch matlab_path=/usr/local/bin/matlab
[13:02:13] degrade_one_chunk: about to run MATLAB
/cis/local/linux/MATLAB/R2015a/bin/glnxa64/need_softwareopengl: error while loading shared libraries: libncurses.so.5: cannot open shared object file: No such file or directory
MATLAB is selecting SOFTWARE OPENGL rendering.
/usr/local/bin/matlab: 1: eval: Syntax error: "(" unexpected
[13:02:13] FAIL: microns_864691135136385275_0009
[13:02:13] --- [10/16] microns_864691135136385275_0010 ---
[13:02:13] degrade_one_chunk.sh ENTERED arg1=/cis/home/rwang183/my_documents/BDD/SpineDetect-shengwen-branch/SpineDetect/tpm_simulator/data/chunk/microns_864691135136385275_0010 arg2=/cis/home/rwang183/my_documents/BDD/SpineDetect-shengwen-branch/SpineDetect/tpm_simulator/pipelines/cloud/logs/degrade/20260411_130211/degrade.log
[13:02:13] degrade_one_chunk: sourced config, chunk=microns_864691135136385275_0010
[13:02:13] degrade_one_chunk: MATLAB_CMD=matlab -batch matlab_path=/usr/local/bin/matlab
[13:02:13] degrade_one_chunk: about to run MATLAB
/cis/local/linux/MATLAB/R2015a/bin/glnxa64/need_softwareopengl: error while loading shared libraries: libncurses.so.5: cannot open shared object file: No such file or directory
MATLAB is selecting SOFTWARE OPENGL rendering.
/usr/local/bin/matlab: 1: eval: Syntax error: "(" unexpected
[13:02:13] FAIL: microns_864691135136385275_0010
[13:02:13] --- [11/16] microns_864691135136385275_0011 ---
[13:02:13] degrade_one_chunk.sh ENTERED arg1=/cis/home/rwang183/my_documents/BDD/SpineDetect-shengwen-branch/SpineDetect/tpm_simulator/data/chunk/microns_864691135136385275_0011 arg2=/cis/home/rwang183/my_documents/BDD/SpineDetect-shengwen-branch/SpineDetect/tpm_simulator/pipelines/cloud/logs/degrade/20260411_130211/degrade.log
[13:02:13] degrade_one_chunk: sourced config, chunk=microns_864691135136385275_0011
[13:02:14] degrade_one_chunk: MATLAB_CMD=matlab -batch matlab_path=/usr/local/bin/matlab
[13:02:14] degrade_one_chunk: about to run MATLAB
/cis/local/linux/MATLAB/R2015a/bin/glnxa64/need_softwareopengl: error while loading shared libraries: libncurses.so.5: cannot open shared object file: No such file or directory
MATLAB is selecting SOFTWARE OPENGL rendering.
/usr/local/bin/matlab: 1: eval: Syntax error: "(" unexpected
[13:02:14] FAIL: microns_864691135136385275_0011
[13:02:14] --- [12/16] microns_864691135136385275_0012 ---
[13:02:14] degrade_one_chunk.sh ENTERED arg1=/cis/home/rwang183/my_documents/BDD/SpineDetect-shengwen-branch/SpineDetect/tpm_simulator/data/chunk/microns_864691135136385275_0012 arg2=/cis/home/rwang183/my_documents/BDD/SpineDetect-shengwen-branch/SpineDetect/tpm_simulator/pipelines/cloud/logs/degrade/20260411_130211/degrade.log
[13:02:14] degrade_one_chunk: sourced config, chunk=microns_864691135136385275_0012
[13:02:14] degrade_one_chunk: MATLAB_CMD=matlab -batch matlab_path=/usr/local/bin/matlab
[13:02:14] degrade_one_chunk: about to run MATLAB
/cis/local/linux/MATLAB/R2015a/bin/glnxa64/need_softwareopengl: error while loading shared libraries: libncurses.so.5: cannot open shared object file: No such file or directory
MATLAB is selecting SOFTWARE OPENGL rendering.
/usr/local/bin/matlab: 1: eval: Syntax error: "(" unexpected
[13:02:14] FAIL: microns_864691135136385275_0012
[13:02:14] --- [13/16] microns_864691135136385275_0013 ---
[13:02:14] degrade_one_chunk.sh ENTERED arg1=/cis/home/rwang183/my_documents/BDD/SpineDetect-shengwen-branch/SpineDetect/tpm_simulator/data/chunk/microns_864691135136385275_0013 arg2=/cis/home/rwang183/my_documents/BDD/SpineDetect-shengwen-branch/SpineDetect/tpm_simulator/pipelines/cloud/logs/degrade/20260411_130211/degrade.log
[13:02:14] degrade_one_chunk: sourced config, chunk=microns_864691135136385275_0013
[13:02:14] degrade_one_chunk: MATLAB_CMD=matlab -batch matlab_path=/usr/local/bin/matlab
[13:02:14] degrade_one_chunk: about to run MATLAB
/cis/local/linux/MATLAB/R2015a/bin/glnxa64/need_softwareopengl: error while loading shared libraries: libncurses.so.5: cannot open shared object file: No such file or directory
MATLAB is selecting SOFTWARE OPENGL rendering.
/usr/local/bin/matlab: 1: eval: Syntax error: "(" unexpected
[13:02:14] FAIL: microns_864691135136385275_0013
[13:02:14] --- [14/16] microns_864691135136385275_0014 ---
[13:02:14] degrade_one_chunk.sh ENTERED arg1=/cis/home/rwang183/my_documents/BDD/SpineDetect-shengwen-branch/SpineDetect/tpm_simulator/data/chunk/microns_864691135136385275_0014 arg2=/cis/home/rwang183/my_documents/BDD/SpineDetect-shengwen-branch/SpineDetect/tpm_simulator/pipelines/cloud/logs/degrade/20260411_130211/degrade.log
[13:02:14] degrade_one_chunk: sourced config, chunk=microns_864691135136385275_0014
[13:02:14] degrade_one_chunk: MATLAB_CMD=matlab -batch matlab_path=/usr/local/bin/matlab
[13:02:14] degrade_one_chunk: about to run MATLAB
/cis/local/linux/MATLAB/R2015a/bin/glnxa64/need_softwareopengl: error while loading shared libraries: libncurses.so.5: cannot open shared object file: No such file or directory
MATLAB is selecting SOFTWARE OPENGL rendering.
/usr/local/bin/matlab: 1: eval: Syntax error: "(" unexpected
[13:02:14] FAIL: microns_864691135136385275_0014
[13:02:14] --- [15/16] microns_864691135136385275_0015 ---
[13:02:15] degrade_one_chunk.sh ENTERED arg1=/cis/home/rwang183/my_documents/BDD/SpineDetect-shengwen-branch/SpineDetect/tpm_simulator/data/chunk/microns_864691135136385275_0015 arg2=/cis/home/rwang183/my_documents/BDD/SpineDetect-shengwen-branch/SpineDetect/tpm_simulator/pipelines/cloud/logs/degrade/20260411_130211/degrade.log
[13:02:15] degrade_one_chunk: sourced config, chunk=microns_864691135136385275_0015
[13:02:15] degrade_one_chunk: MATLAB_CMD=matlab -batch matlab_path=/usr/local/bin/matlab
[13:02:15] degrade_one_chunk: about to run MATLAB
/cis/local/linux/MATLAB/R2015a/bin/glnxa64/need_softwareopengl: error while loading shared libraries: libncurses.so.5: cannot open shared object file: No such file or directory
MATLAB is selecting SOFTWARE OPENGL rendering.
/usr/local/bin/matlab: 1: eval: Syntax error: "(" unexpected
[13:02:15] FAIL: microns_864691135136385275_0015
[13:02:15] --- [16/16] microns_864691135136385275_0016 ---
[13:02:15] degrade_one_chunk.sh ENTERED arg1=/cis/home/rwang183/my_documents/BDD/SpineDetect-shengwen-branch/SpineDetect/tpm_simulator/data/chunk/microns_864691135136385275_0016 arg2=/cis/home/rwang183/my_documents/BDD/SpineDetect-shengwen-branch/SpineDetect/tpm_simulator/pipelines/cloud/logs/degrade/20260411_130211/degrade.log
[13:02:15] degrade_one_chunk: sourced config, chunk=microns_864691135136385275_0016
[13:02:15] degrade_one_chunk: MATLAB_CMD=matlab -batch matlab_path=/usr/local/bin/matlab
[13:02:15] degrade_one_chunk: about to run MATLAB
/cis/local/linux/MATLAB/R2015a/bin/glnxa64/need_softwareopengl: error while loading shared libraries: libncurses.so.5: cannot open shared object file: No such file or directory
MATLAB is selecting SOFTWARE OPENGL rendering.
/usr/local/bin/matlab: 1: eval: Syntax error: "(" unexpected
[13:02:15] FAIL: microns_864691135136385275_0016
[13:02:15] Finished: 0/16 succeeded
